#-----------------------------------------------------------
# Vivado v2015.4 (64-bit)
# SW Build 1412921 on Wed Nov 18 09:43:45 MST 2015
# IP Build 1412160 on Tue Nov 17 13:47:24 MST 2015
# Start of session at: Thu Mar 21 22:41:02 2024
# Process ID: 14284
# Current directory: C:/Users/18999/Desktop/Prime_Checker
# Command line: vivado.exe -gui_launcher_event rodinguilauncherevent2716 C:\Users\18999\Desktop\Prime_Checker\Prime_Checker.xpr
# Log file: C:/Users/18999/Desktop/Prime_Checker/vivado.log
# Journal file: C:/Users/18999/Desktop/Prime_Checker\vivado.jou
#-----------------------------------------------------------
start_gui
open_project C:/Users/18999/Desktop/Prime_Checker/Prime_Checker.xpr
launch_simulation
source PrimeChecker_tb.tcl
close_sim
launch_simulation
source PrimeChecker_tb.tcl
close_sim
launch_simulation
source PrimeChecker_tb.tcl
relaunch_sim
relaunch_sim
run all
reset_run synth_1
launch_runs synth_1
wait_on_run synth_1
reset_run synth_1
launch_runs synth_1
wait_on_run synth_1
reset_run synth_1
launch_runs synth_1
wait_on_run synth_1
reset_run synth_1
launch_runs synth_1
wait_on_run synth_1
close_sim
launch_simulation
launch_simulation
launch_simulation
launch_simulation
launch_simulation
reset_run synth_1
launch_runs synth_1
wait_on_run synth_1
reset_run synth_1
launch_runs synth_1
wait_on_run synth_1
reset_run synth_1
launch_runs synth_1
wait_on_run synth_1
launch_simulation
source PrimeChecker_tb.tcl
close_sim
launch_simulation
source PrimeChecker_tb.tcl
set_property -name {xsim.simulate.runtime} -value {200ns} -objects [current_fileset -simset]
close_sim
launch_simulation
source PrimeChecker_tb.tcl
close_sim
launch_simulation
source PrimeChecker_tb.tcl
close_sim
launch_simulation
source PrimeChecker_tb.tcl
close_sim
launch_simulation
source PrimeChecker_tb.tcl
close_sim
launch_simulation
source PrimeChecker_tb.tcl
close_sim
launch_simulation
source PrimeChecker_tb.tcl
close_sim
launch_simulation
source PrimeChecker_tb.tcl
open_run synth_1 -name synth_1
write_schematic C:/Users/18999/Desktop/mod.sch
write_schematic -format pdf -orientation portrait C:/Users/18999/Desktop/mod.pdf
report_utilization -name utilization_1
report_utilization -name utilization_2
close_design
synth_design -rtl -name rtl_1
open_run synth_1 -name synth_1
write_schematic -format pdf -orientation portrait C:/Users/18999/Desktop/mod_RTL.pdf
write_schematic -format pdf -orientation portrait C:/Users/18999/Desktop/mod_RTL.pdf
write_schematic -format pdf -orientation portrait C:/Users/18999/Desktop/schematic.pdf
close_sim
